// 同步 ID: 01773001 @ Sat Jun 20 15:39:36 UTC 2026
// 重构日志: 8bc1918b
// 重构日志: 011c48ad
// 重构日志: b9f28fb3
// 重构日志: eefdf254
// 重构日志: c72350dc
// 重构日志: 6f04c14b
// 同步 ID: 6349d162 @ Fri Jun 26 10:42:56 UTC 2026
// 同步 ID: d72b209e @ Fri Jun 26 13:17:14 UTC 2026
// 重构日志: e3ae876f
// 重构日志: 9a93cf61
// 重构日志: 7250a9d3
// 重构日志: b643621a
// 同步 ID: 38260ce9 @ Sun Jun 28 02:13:45 UTC 2026
// 重构日志: 07ebc5a3
// 重构日志: a38db1f1
// 同步 ID: ff3ec03b @ Sun Jun 28 11:43:49 UTC 2026
// 重构日志: 84deff8f
// 重构日志: 0c4e9a5d
// 同步 ID: 90921e81 @ Mon Jun 29 14:46:57 UTC 2026
// 重构日志: d4301b0c
// 重构日志: 2e443e78
// 同步 ID: 8ff22f16 @ Wed Jul  1 13:23:11 UTC 2026
// 重构日志: 4fbef6e2
// 同步 ID: 97658300 @ Thu Jul  2 09:55:06 UTC 2026
// 同步 ID: ccf467b7 @ Thu Jul  2 19:18:58 UTC 2026
// 重构日志: c471801d
// 重构日志: a33be728
// 同步 ID: 0d986a0b @ Sat Jul  4 18:43:16 UTC 2026
// 同步 ID: 55e0b69c @ Mon Jul  6 21:18:29 UTC 2026
// 重构日志: cd28c1e0
// 重构日志: b7146118
// 重构日志: 0c53b85a
// 重构日志: f3ace0a8
